ARM Linker, 5.03 [Build 76] [MDK-ARM Standard]

==============================================================================

Section Cross References

    startup_sm9b100.o(RESET) refers to sm9b100_it.o(.text) for Undef_Handler_c
    startup_sm9b100.o(RESET) refers to startup_sm9b100.o(STACK) for Stack_Bottom
    startup_sm9b100.o(RESET) refers to system_sm9b100.o(.text) for SystemInit
    startup_sm9b100.o(RESET) refers to entry.o(.ARM.Collect$$$$00000000) for __main
    main.o(.text) refers to sm9b100_sysc.o(.text) for SYSC_PADCTRLResetBits
    main.o(.text) refers to debug_usart.o(.text) for USART6_Init
    main.o(.text) refers to printf5.o(i.__0printf$5) for __2printf
    main.o(.text) refers to flexray.o(.text) for Flexray_Init
    main.o(.text) refers to delay.o(.text) for delay_us
    main.o(.text) refers to flexray_conf.o(.constdata) for ProtocolConfig
    sm9b100_it.o(.text) refers to sm9b100_it.o(.constdata) for Vector_Tab
    sm9b100_429.o(.text) refers to sm9b100_sysc.o(.text) for SYSC_APBPeriphResetCmd
    sm9b100_1553.o(.text) refers to sm9b100_sysc.o(.text) for SYSC_15531PeriphResetCmd
    sm9b100_1553bc.o(.text) refers to sm9b100_1553bc.o(.data) for BCStackA1
    sm9b100_1553bc.o(.text) refers to idiv.o(.text) for __aeabi_idivmod
    sm9b100_boot.o(.text) refers to sm9b100_sysc.o(.text) for SYSC_PADCTRLSetBits
    sm9b100_can.o(.text) refers to sm9b100_sysc.o(.text) for SYSC_APBPeriphResetCmd
    sm9b100_gpio.o(.text) refers to sm9b100_sysc.o(.text) for SYSC_APBPeriphResetCmd
    sm9b100_i2c.o(.text) refers to sm9b100_sysc.o(.text) for SYSC_AHBPeriphResetCmd
    sm9b100_spi.o(.text) refers to sm9b100_sysc.o(.text) for SYSC_APBPeriphResetCmd
    sm9b100_sysc.o(.text) refers to idiv.o(.text) for __aeabi_idivmod
    sm9b100_sysc.o(.text) refers to uidiv.o(.text) for __aeabi_uidivmod
    sm9b100_tim.o(.text) refers to sm9b100_sysc.o(.text) for SYSC_APBPeriphResetCmd
    sm9b100_usart.o(.text) refers to sm9b100_sysc.o(.text) for SYSC_AHBPeriphClockCmd
    sm9b100_usart.o(.text) refers to uidiv.o(.text) for __aeabi_uidivmod
    sm9b100_usart.o(.text) refers to sm9b100_usart.o(.data) for FIFO_reg
    sm9b100_wdt.o(.text) refers to sm9b100_sysc.o(.text) for SYSC_APBPeriphClockCmd
    sm9b100_aes.o(.text) refers to uidiv.o(.text) for __aeabi_uidivmod
    system_sm9b100.o(.text) refers to idiv.o(.text) for __aeabi_idivmod
    debug_usart.o(.text) refers to sm9b100_sysc.o(.text) for SYSC_UARTCmd
    debug_usart.o(.text) refers to sm9b100_usart.o(.text) for USART_Init
    flexray.o(.text) refers to delay.o(.text) for delay_us
    flexray.o(.text) refers to mfr4310.o(.text) for MFR4310_Init
    flexray.o(.text) refers to printf5.o(i.__0printf$5) for __2printf
    flexray.o(.text) refers to flexray_conf.o(.data) for FLEXRAY_0_MessageHerderIndex
    mfr4310.o(.text) refers to sm9b100_sysc.o(.text) for SYSC_PADCTRLResetBits
    mfr4310.o(.text) refers to sm9b100_memctl.o(.text) for MEMCTL_CS5SRAMInit
    mfr4310.o(.text) refers to sm9b100_gpio.o(.text) for GPIO_Init
    mfr4310.o(.text) refers to delay.o(.text) for delay_ms
    entry.o(.ARM.Collect$$$$00000000) refers (Special) to entry10a.o(.ARM.Collect$$$$0000000D) for __rt_final_cpp
    entry.o(.ARM.Collect$$$$00000000) refers (Special) to entry11a.o(.ARM.Collect$$$$0000000F) for __rt_final_exit
    entry.o(.ARM.Collect$$$$00000000) refers (Special) to entry7b.o(.ARM.Collect$$$$00000008) for _main_clock
    entry.o(.ARM.Collect$$$$00000000) refers (Special) to entry8b.o(.ARM.Collect$$$$0000000A) for _main_cpp_init
    entry.o(.ARM.Collect$$$$00000000) refers (Special) to entry9a.o(.ARM.Collect$$$$0000000B) for _main_init
    entry.o(.ARM.Collect$$$$00000000) refers (Special) to entry5.o(.ARM.Collect$$$$00000004) for _main_scatterload
    entry.o(.ARM.Collect$$$$00000000) refers (Special) to entry2.o(.ARM.Collect$$$$00000001) for _main_stk
    idiv.o(.text) refers to uidiv.o(.text) for __aeabi_uidivmod
    printfb.o(i.__0fprintf$bare) refers to printfb.o(i._printf_core) for _printf_core
    printfb.o(i.__0fprintf$bare) refers to debug_usart.o(.text) for fputc
    printfb.o(i.__0printf$bare) refers to printfb.o(i._printf_core) for _printf_core
    printfb.o(i.__0printf$bare) refers to debug_usart.o(.text) for fputc
    printfb.o(i.__0printf$bare) refers to stdout.o(.data) for __stdout
    printfb.o(i.__0snprintf$bare) refers to printfb.o(i._printf_core) for _printf_core
    printfb.o(i.__0snprintf$bare) refers to printfb.o(i._snputc) for _snputc
    printfb.o(i.__0sprintf$bare) refers to printfb.o(i._printf_core) for _printf_core
    printfb.o(i.__0sprintf$bare) refers to printfb.o(i._sputc) for _sputc
    printfb.o(i.__0vfprintf$bare) refers to printfb.o(i._printf_core) for _printf_core
    printfb.o(i.__0vfprintf$bare) refers to debug_usart.o(.text) for fputc
    printfb.o(i.__0vprintf$bare) refers to printfb.o(i._printf_core) for _printf_core
    printfb.o(i.__0vprintf$bare) refers to debug_usart.o(.text) for fputc
    printfb.o(i.__0vprintf$bare) refers to stdout.o(.data) for __stdout
    printfb.o(i.__0vsnprintf$bare) refers to printfb.o(i._printf_core) for _printf_core
    printfb.o(i.__0vsnprintf$bare) refers to printfb.o(i._snputc) for _snputc
    printfb.o(i.__0vsprintf$bare) refers to printfb.o(i._printf_core) for _printf_core
    printfb.o(i.__0vsprintf$bare) refers to printfb.o(i._sputc) for _sputc
    printf0.o(i.__0fprintf$0) refers to printf0.o(i._printf_core) for _printf_core
    printf0.o(i.__0fprintf$0) refers to debug_usart.o(.text) for fputc
    printf0.o(i.__0printf$0) refers to printf0.o(i._printf_core) for _printf_core
    printf0.o(i.__0printf$0) refers to debug_usart.o(.text) for fputc
    printf0.o(i.__0printf$0) refers to stdout.o(.data) for __stdout
    printf0.o(i.__0snprintf$0) refers to printf0.o(i._printf_core) for _printf_core
    printf0.o(i.__0snprintf$0) refers to printf0.o(i._snputc) for _snputc
    printf0.o(i.__0sprintf$0) refers to printf0.o(i._printf_core) for _printf_core
    printf0.o(i.__0sprintf$0) refers to printf0.o(i._sputc) for _sputc
    printf0.o(i.__0vfprintf$0) refers to printf0.o(i._printf_core) for _printf_core
    printf0.o(i.__0vfprintf$0) refers to debug_usart.o(.text) for fputc
    printf0.o(i.__0vprintf$0) refers to printf0.o(i._printf_core) for _printf_core
    printf0.o(i.__0vprintf$0) refers to debug_usart.o(.text) for fputc
    printf0.o(i.__0vprintf$0) refers to stdout.o(.data) for __stdout
    printf0.o(i.__0vsnprintf$0) refers to printf0.o(i._printf_core) for _printf_core
    printf0.o(i.__0vsnprintf$0) refers to printf0.o(i._snputc) for _snputc
    printf0.o(i.__0vsprintf$0) refers to printf0.o(i._printf_core) for _printf_core
    printf0.o(i.__0vsprintf$0) refers to printf0.o(i._sputc) for _sputc
    printf1.o(i.__0fprintf$1) refers to printf1.o(i._printf_core) for _printf_core
    printf1.o(i.__0fprintf$1) refers to debug_usart.o(.text) for fputc
    printf1.o(i.__0printf$1) refers to printf1.o(i._printf_core) for _printf_core
    printf1.o(i.__0printf$1) refers to debug_usart.o(.text) for fputc
    printf1.o(i.__0printf$1) refers to stdout.o(.data) for __stdout
    printf1.o(i.__0snprintf$1) refers to printf1.o(i._printf_core) for _printf_core
    printf1.o(i.__0snprintf$1) refers to printf1.o(i._snputc) for _snputc
    printf1.o(i.__0sprintf$1) refers to printf1.o(i._printf_core) for _printf_core
    printf1.o(i.__0sprintf$1) refers to printf1.o(i._sputc) for _sputc
    printf1.o(i.__0vfprintf$1) refers to printf1.o(i._printf_core) for _printf_core
    printf1.o(i.__0vfprintf$1) refers to debug_usart.o(.text) for fputc
    printf1.o(i.__0vprintf$1) refers to printf1.o(i._printf_core) for _printf_core
    printf1.o(i.__0vprintf$1) refers to debug_usart.o(.text) for fputc
    printf1.o(i.__0vprintf$1) refers to stdout.o(.data) for __stdout
    printf1.o(i.__0vsnprintf$1) refers to printf1.o(i._printf_core) for _printf_core
    printf1.o(i.__0vsnprintf$1) refers to printf1.o(i._snputc) for _snputc
    printf1.o(i.__0vsprintf$1) refers to printf1.o(i._printf_core) for _printf_core
    printf1.o(i.__0vsprintf$1) refers to printf1.o(i._sputc) for _sputc
    printf1.o(i._printf_core) refers to uidiv.o(.text) for __aeabi_uidivmod
    printf2.o(i.__0fprintf$2) refers to printf2.o(i._printf_core) for _printf_core
    printf2.o(i.__0fprintf$2) refers to debug_usart.o(.text) for fputc
    printf2.o(i.__0printf$2) refers to printf2.o(i._printf_core) for _printf_core
    printf2.o(i.__0printf$2) refers to debug_usart.o(.text) for fputc
    printf2.o(i.__0printf$2) refers to stdout.o(.data) for __stdout
    printf2.o(i.__0snprintf$2) refers to printf2.o(i._printf_core) for _printf_core
    printf2.o(i.__0snprintf$2) refers to printf2.o(i._snputc) for _snputc
    printf2.o(i.__0sprintf$2) refers to printf2.o(i._printf_core) for _printf_core
    printf2.o(i.__0sprintf$2) refers to printf2.o(i._sputc) for _sputc
    printf2.o(i.__0vfprintf$2) refers to printf2.o(i._printf_core) for _printf_core
    printf2.o(i.__0vfprintf$2) refers to debug_usart.o(.text) for fputc
    printf2.o(i.__0vprintf$2) refers to printf2.o(i._printf_core) for _printf_core
    printf2.o(i.__0vprintf$2) refers to debug_usart.o(.text) for fputc
    printf2.o(i.__0vprintf$2) refers to stdout.o(.data) for __stdout
    printf2.o(i.__0vsnprintf$2) refers to printf2.o(i._printf_core) for _printf_core
    printf2.o(i.__0vsnprintf$2) refers to printf2.o(i._snputc) for _snputc
    printf2.o(i.__0vsprintf$2) refers to printf2.o(i._printf_core) for _printf_core
    printf2.o(i.__0vsprintf$2) refers to printf2.o(i._sputc) for _sputc
    printf3.o(i.__0fprintf$3) refers to printf3.o(i._printf_core) for _printf_core
    printf3.o(i.__0fprintf$3) refers to debug_usart.o(.text) for fputc
    printf3.o(i.__0printf$3) refers to printf3.o(i._printf_core) for _printf_core
    printf3.o(i.__0printf$3) refers to debug_usart.o(.text) for fputc
    printf3.o(i.__0printf$3) refers to stdout.o(.data) for __stdout
    printf3.o(i.__0snprintf$3) refers to printf3.o(i._printf_core) for _printf_core
    printf3.o(i.__0snprintf$3) refers to printf3.o(i._snputc) for _snputc
    printf3.o(i.__0sprintf$3) refers to printf3.o(i._printf_core) for _printf_core
    printf3.o(i.__0sprintf$3) refers to printf3.o(i._sputc) for _sputc
    printf3.o(i.__0vfprintf$3) refers to printf3.o(i._printf_core) for _printf_core
    printf3.o(i.__0vfprintf$3) refers to debug_usart.o(.text) for fputc
    printf3.o(i.__0vprintf$3) refers to printf3.o(i._printf_core) for _printf_core
    printf3.o(i.__0vprintf$3) refers to debug_usart.o(.text) for fputc
    printf3.o(i.__0vprintf$3) refers to stdout.o(.data) for __stdout
    printf3.o(i.__0vsnprintf$3) refers to printf3.o(i._printf_core) for _printf_core
    printf3.o(i.__0vsnprintf$3) refers to printf3.o(i._snputc) for _snputc
    printf3.o(i.__0vsprintf$3) refers to printf3.o(i._printf_core) for _printf_core
    printf3.o(i.__0vsprintf$3) refers to printf3.o(i._sputc) for _sputc
    printf3.o(i._printf_core) refers to uidiv.o(.text) for __aeabi_uidivmod
    printf4.o(i.__0fprintf$4) refers to printf4.o(i._printf_core) for _printf_core
    printf4.o(i.__0fprintf$4) refers to debug_usart.o(.text) for fputc
    printf4.o(i.__0printf$4) refers to printf4.o(i._printf_core) for _printf_core
    printf4.o(i.__0printf$4) refers to debug_usart.o(.text) for fputc
    printf4.o(i.__0printf$4) refers to stdout.o(.data) for __stdout
    printf4.o(i.__0snprintf$4) refers to printf4.o(i._printf_core) for _printf_core
    printf4.o(i.__0snprintf$4) refers to printf4.o(i._snputc) for _snputc
    printf4.o(i.__0sprintf$4) refers to printf4.o(i._printf_core) for _printf_core
    printf4.o(i.__0sprintf$4) refers to printf4.o(i._sputc) for _sputc
    printf4.o(i.__0vfprintf$4) refers to printf4.o(i._printf_core) for _printf_core
    printf4.o(i.__0vfprintf$4) refers to debug_usart.o(.text) for fputc
    printf4.o(i.__0vprintf$4) refers to printf4.o(i._printf_core) for _printf_core
    printf4.o(i.__0vprintf$4) refers to debug_usart.o(.text) for fputc
    printf4.o(i.__0vprintf$4) refers to stdout.o(.data) for __stdout
    printf4.o(i.__0vsnprintf$4) refers to printf4.o(i._printf_core) for _printf_core
    printf4.o(i.__0vsnprintf$4) refers to printf4.o(i._snputc) for _snputc
    printf4.o(i.__0vsprintf$4) refers to printf4.o(i._printf_core) for _printf_core
    printf4.o(i.__0vsprintf$4) refers to printf4.o(i._sputc) for _sputc
    printf4.o(i._printf_core) refers to uldiv.o(.text) for __aeabi_uldivmod
    printf5.o(i.__0fprintf$5) refers to printf5.o(i._printf_core) for _printf_core
    printf5.o(i.__0fprintf$5) refers to debug_usart.o(.text) for fputc
    printf5.o(i.__0printf$5) refers to printf5.o(i._printf_core) for _printf_core
    printf5.o(i.__0printf$5) refers to debug_usart.o(.text) for fputc
    printf5.o(i.__0printf$5) refers to stdout.o(.data) for __stdout
    printf5.o(i.__0snprintf$5) refers to printf5.o(i._printf_core) for _printf_core
    printf5.o(i.__0snprintf$5) refers to printf5.o(i._snputc) for _snputc
    printf5.o(i.__0sprintf$5) refers to printf5.o(i._printf_core) for _printf_core
    printf5.o(i.__0sprintf$5) refers to printf5.o(i._sputc) for _sputc
    printf5.o(i.__0vfprintf$5) refers to printf5.o(i._printf_core) for _printf_core
    printf5.o(i.__0vfprintf$5) refers to debug_usart.o(.text) for fputc
    printf5.o(i.__0vprintf$5) refers to printf5.o(i._printf_core) for _printf_core
    printf5.o(i.__0vprintf$5) refers to debug_usart.o(.text) for fputc
    printf5.o(i.__0vprintf$5) refers to stdout.o(.data) for __stdout
    printf5.o(i.__0vsnprintf$5) refers to printf5.o(i._printf_core) for _printf_core
    printf5.o(i.__0vsnprintf$5) refers to printf5.o(i._snputc) for _snputc
    printf5.o(i.__0vsprintf$5) refers to printf5.o(i._printf_core) for _printf_core
    printf5.o(i.__0vsprintf$5) refers to printf5.o(i._sputc) for _sputc
    printf5.o(i._printf_core) refers to uldiv.o(.text) for __aeabi_uldivmod
    printf6.o(i.__0fprintf$6) refers to printf6.o(i._printf_core) for _printf_core
    printf6.o(i.__0fprintf$6) refers to debug_usart.o(.text) for fputc
    printf6.o(i.__0printf$6) refers to printf6.o(i._printf_core) for _printf_core
    printf6.o(i.__0printf$6) refers to debug_usart.o(.text) for fputc
    printf6.o(i.__0printf$6) refers to stdout.o(.data) for __stdout
    printf6.o(i.__0snprintf$6) refers to printf6.o(i._printf_core) for _printf_core
    printf6.o(i.__0snprintf$6) refers to printf6.o(i._snputc) for _snputc
    printf6.o(i.__0sprintf$6) refers to printf6.o(i._printf_core) for _printf_core
    printf6.o(i.__0sprintf$6) refers to printf6.o(i._sputc) for _sputc
    printf6.o(i.__0vfprintf$6) refers to printf6.o(i._printf_core) for _printf_core
    printf6.o(i.__0vfprintf$6) refers to debug_usart.o(.text) for fputc
    printf6.o(i.__0vprintf$6) refers to printf6.o(i._printf_core) for _printf_core
    printf6.o(i.__0vprintf$6) refers to debug_usart.o(.text) for fputc
    printf6.o(i.__0vprintf$6) refers to stdout.o(.data) for __stdout
    printf6.o(i.__0vsnprintf$6) refers to printf6.o(i._printf_core) for _printf_core
    printf6.o(i.__0vsnprintf$6) refers to printf6.o(i._snputc) for _snputc
    printf6.o(i.__0vsprintf$6) refers to printf6.o(i._printf_core) for _printf_core
    printf6.o(i.__0vsprintf$6) refers to printf6.o(i._sputc) for _sputc
    printf6.o(i._printf_core) refers to printf6.o(i._printf_pre_padding) for _printf_pre_padding
    printf6.o(i._printf_core) refers to printf6.o(i._printf_post_padding) for _printf_post_padding
    printf6.o(i._printf_core) refers to uidiv.o(.text) for __aeabi_uidivmod
    printf7.o(i.__0fprintf$7) refers to printf7.o(i._printf_core) for _printf_core
    printf7.o(i.__0fprintf$7) refers to debug_usart.o(.text) for fputc
    printf7.o(i.__0printf$7) refers to printf7.o(i._printf_core) for _printf_core
    printf7.o(i.__0printf$7) refers to debug_usart.o(.text) for fputc
    printf7.o(i.__0printf$7) refers to stdout.o(.data) for __stdout
    printf7.o(i.__0snprintf$7) refers to printf7.o(i._printf_core) for _printf_core
    printf7.o(i.__0snprintf$7) refers to printf7.o(i._snputc) for _snputc
    printf7.o(i.__0sprintf$7) refers to printf7.o(i._printf_core) for _printf_core
    printf7.o(i.__0sprintf$7) refers to printf7.o(i._sputc) for _sputc
    printf7.o(i.__0vfprintf$7) refers to printf7.o(i._printf_core) for _printf_core
    printf7.o(i.__0vfprintf$7) refers to debug_usart.o(.text) for fputc
    printf7.o(i.__0vprintf$7) refers to printf7.o(i._printf_core) for _printf_core
    printf7.o(i.__0vprintf$7) refers to debug_usart.o(.text) for fputc
    printf7.o(i.__0vprintf$7) refers to stdout.o(.data) for __stdout
    printf7.o(i.__0vsnprintf$7) refers to printf7.o(i._printf_core) for _printf_core
    printf7.o(i.__0vsnprintf$7) refers to printf7.o(i._snputc) for _snputc
    printf7.o(i.__0vsprintf$7) refers to printf7.o(i._printf_core) for _printf_core
    printf7.o(i.__0vsprintf$7) refers to printf7.o(i._sputc) for _sputc
    printf7.o(i._printf_core) refers to printf7.o(i._printf_pre_padding) for _printf_pre_padding
    printf7.o(i._printf_core) refers to printf7.o(i._printf_post_padding) for _printf_post_padding
    printf7.o(i._printf_core) refers to uldiv.o(.text) for __aeabi_uldivmod
    printf8.o(i.__0fprintf$8) refers to printf8.o(i._printf_core) for _printf_core
    printf8.o(i.__0fprintf$8) refers to debug_usart.o(.text) for fputc
    printf8.o(i.__0printf$8) refers to printf8.o(i._printf_core) for _printf_core
    printf8.o(i.__0printf$8) refers to debug_usart.o(.text) for fputc
    printf8.o(i.__0printf$8) refers to stdout.o(.data) for __stdout
    printf8.o(i.__0snprintf$8) refers to printf8.o(i._printf_core) for _printf_core
    printf8.o(i.__0snprintf$8) refers to printf8.o(i._snputc) for _snputc
    printf8.o(i.__0sprintf$8) refers to printf8.o(i._printf_core) for _printf_core
    printf8.o(i.__0sprintf$8) refers to printf8.o(i._sputc) for _sputc
    printf8.o(i.__0vfprintf$8) refers to printf8.o(i._printf_core) for _printf_core
    printf8.o(i.__0vfprintf$8) refers to debug_usart.o(.text) for fputc
    printf8.o(i.__0vprintf$8) refers to printf8.o(i._printf_core) for _printf_core
    printf8.o(i.__0vprintf$8) refers to debug_usart.o(.text) for fputc
    printf8.o(i.__0vprintf$8) refers to stdout.o(.data) for __stdout
    printf8.o(i.__0vsnprintf$8) refers to printf8.o(i._printf_core) for _printf_core
    printf8.o(i.__0vsnprintf$8) refers to printf8.o(i._snputc) for _snputc
    printf8.o(i.__0vsprintf$8) refers to printf8.o(i._printf_core) for _printf_core
    printf8.o(i.__0vsprintf$8) refers to printf8.o(i._sputc) for _sputc
    printf8.o(i._printf_core) refers to printf8.o(i._printf_pre_padding) for _printf_pre_padding
    printf8.o(i._printf_core) refers to printf8.o(i._printf_post_padding) for _printf_post_padding
    printf8.o(i._printf_core) refers to uldiv.o(.text) for __aeabi_uldivmod
    printfa.o(i.__0fprintf) refers (Special) to iusefp.o(.text) for __I$use$fp
    printfa.o(i.__0fprintf) refers to printfa.o(i._printf_core) for _printf_core
    printfa.o(i.__0fprintf) refers to debug_usart.o(.text) for fputc
    printfa.o(i.__0printf) refers (Special) to iusefp.o(.text) for __I$use$fp
    printfa.o(i.__0printf) refers to printfa.o(i._printf_core) for _printf_core
    printfa.o(i.__0printf) refers to debug_usart.o(.text) for fputc
    printfa.o(i.__0printf) refers to stdout.o(.data) for __stdout
    printfa.o(i.__0snprintf) refers (Special) to iusefp.o(.text) for __I$use$fp
    printfa.o(i.__0snprintf) refers to printfa.o(i._printf_core) for _printf_core
    printfa.o(i.__0snprintf) refers to printfa.o(i._snputc) for _snputc
    printfa.o(i.__0sprintf) refers (Special) to iusefp.o(.text) for __I$use$fp
    printfa.o(i.__0sprintf) refers to printfa.o(i._printf_core) for _printf_core
    printfa.o(i.__0sprintf) refers to printfa.o(i._sputc) for _sputc
    printfa.o(i.__0vfprintf) refers (Special) to iusefp.o(.text) for __I$use$fp
    printfa.o(i.__0vfprintf) refers to printfa.o(i._printf_core) for _printf_core
    printfa.o(i.__0vfprintf) refers to debug_usart.o(.text) for fputc
    printfa.o(i.__0vprintf) refers (Special) to iusefp.o(.text) for __I$use$fp
    printfa.o(i.__0vprintf) refers to printfa.o(i._printf_core) for _printf_core
    printfa.o(i.__0vprintf) refers to debug_usart.o(.text) for fputc
    printfa.o(i.__0vprintf) refers to stdout.o(.data) for __stdout
    printfa.o(i.__0vsnprintf) refers (Special) to iusefp.o(.text) for __I$use$fp
    printfa.o(i.__0vsnprintf) refers to printfa.o(i._printf_core) for _printf_core
    printfa.o(i.__0vsnprintf) refers to printfa.o(i._snputc) for _snputc
    printfa.o(i.__0vsprintf) refers (Special) to iusefp.o(.text) for __I$use$fp
    printfa.o(i.__0vsprintf) refers to printfa.o(i._printf_core) for _printf_core
    printfa.o(i.__0vsprintf) refers to printfa.o(i._sputc) for _sputc
    printfa.o(i._fp_digits) refers (Special) to iusefp.o(.text) for __I$use$fp
    printfa.o(i._fp_digits) refers to dmul.o(.text) for __aeabi_dmul
    printfa.o(i._fp_digits) refers to ddiv.o(.text) for __aeabi_ddiv
    printfa.o(i._fp_digits) refers to cdrcmple.o(.text) for __aeabi_cdrcmple
    printfa.o(i._fp_digits) refers to dadd.o(.text) for __aeabi_dadd
    printfa.o(i._fp_digits) refers to dfixul.o(.text) for __aeabi_d2ulz
    printfa.o(i._fp_digits) refers to uldiv.o(.text) for __aeabi_uldivmod
    printfa.o(i._printf_core) refers (Special) to iusefp.o(.text) for __I$use$fp
    printfa.o(i._printf_core) refers to printfa.o(i._printf_pre_padding) for _printf_pre_padding
    printfa.o(i._printf_core) refers to uldiv.o(.text) for __aeabi_uldivmod
    printfa.o(i._printf_core) refers to printfa.o(i._printf_post_padding) for _printf_post_padding
    printfa.o(i._printf_core) refers to printfa.o(i._fp_digits) for _fp_digits
    printfa.o(i._printf_core) refers to uidiv.o(.text) for __aeabi_uidivmod
    printfa.o(i._printf_post_padding) refers (Special) to iusefp.o(.text) for __I$use$fp
    printfa.o(i._printf_pre_padding) refers (Special) to iusefp.o(.text) for __I$use$fp
    printfa.o(i._snputc) refers (Special) to iusefp.o(.text) for __I$use$fp
    printfa.o(i._sputc) refers (Special) to iusefp.o(.text) for __I$use$fp
    entry2.o(.ARM.Collect$$$$00000001) refers to entry2.o(.ARM.Collect$$$$00002712) for __lit__00000000
    entry2.o(.ARM.Collect$$$$00002712) refers to startup_sm9b100.o(STACK) for __initial_sp
    entry5.o(.ARM.Collect$$$$00000004) refers to init.o(.text) for __scatterload
    entry9a.o(.ARM.Collect$$$$0000000B) refers to main.o(.text) for main
    entry9b.o(.ARM.Collect$$$$0000000C) refers to main.o(.text) for main
    uldiv.o(.text) refers to llushr.o(.text) for __aeabi_llsr
    uldiv.o(.text) refers to llshl.o(.text) for __aeabi_llsl
    dadd.o(.text) refers to llshl.o(.text) for __aeabi_llsl
    dadd.o(.text) refers to llsshr.o(.text) for __aeabi_lasr
    dadd.o(.text) refers to depilogue.o(.text) for _double_epilogue
    dmul.o(.text) refers to depilogue.o(.text) for _double_epilogue
    ddiv.o(.text) refers to depilogue.o(.text) for _double_round
    dfixul.o(.text) refers to llushr.o(.text) for __aeabi_llsr
    dfixul.o(.text) refers to llshl.o(.text) for __aeabi_llsl
    init.o(.text) refers to entry5.o(.ARM.Collect$$$$00000004) for __main_after_scatterload
    depilogue.o(.text) refers to depilogue.o(i.__ARM_clz) for __ARM_clz
    depilogue.o(.text) refers to llshl.o(.text) for __aeabi_llsl
    depilogue.o(.text) refers to llushr.o(.text) for __aeabi_llsr


==============================================================================

Removing Unused input sections from the image.

    Removing startup_sm9b100.o(HEAP), (0 bytes).
    Removing sm9b100_429.o(.text), (2412 bytes).
    Removing sm9b100_1553.o(.text), (3824 bytes).
    Removing sm9b100_1553bc.o(.text), (8140 bytes).
    Removing sm9b100_1553bc.o(.data), (12 bytes).
    Removing sm9b100_1553mt.o(.text), (1644 bytes).
    Removing sm9b100_1553rt.o(.text), (5708 bytes).
    Removing sm9b100_boot.o(.text), (360 bytes).
    Removing sm9b100_can.o(.text), (3020 bytes).
    Removing sm9b100_i2c.o(.text), (2684 bytes).
    Removing sm9b100_ictl.o(.text), (816 bytes).
    Removing sm9b100_spi.o(.text), (1316 bytes).
    Removing sm9b100_tim.o(.text), (1252 bytes).
    Removing sm9b100_wdt.o(.text), (256 bytes).
    Removing sm9b100_dma.o(.text), (4472 bytes).
    Removing sm9b100_aes.o(.text), (1484 bytes).
    Removing sm9b100_pwm.o(.text), (2176 bytes).
    Removing system_sm9b100.o(.data), (4 bytes).
    Removing dadd.o(.text), (356 bytes).
    Removing dmul.o(.text), (208 bytes).
    Removing ddiv.o(.text), (240 bytes).
    Removing dfixul.o(.text), (64 bytes).
    Removing cdrcmple.o(.text), (40 bytes).
    Removing depilogue.o(.text), (192 bytes).
    Removing depilogue.o(i.__ARM_clz), (8 bytes).

25 unused section(s) (total 40688 bytes) removed from the image.

==============================================================================

Image Symbol Table

    Local Symbols

    Symbol Name                              Value     Ov Type        Size  Object(Section)

    RESET                                    0x00000000   Section      400  startup_sm9b100.o(RESET)
    $v0                                      0x00000000   Number         0  startup_sm9b100.o(RESET)
    ../clib/microlib/division.c              0x00000000   Number         0  idiv.o ABSOLUTE
    ../clib/microlib/division.c              0x00000000   Number         0  uldiv.o ABSOLUTE
    ../clib/microlib/division.c              0x00000000   Number         0  uidiv.o ABSOLUTE
    ../clib/microlib/init/entry.s            0x00000000   Number         0  entry5.o ABSOLUTE
    ../clib/microlib/init/entry.s            0x00000000   Number         0  entry2.o ABSOLUTE
    ../clib/microlib/init/entry.s            0x00000000   Number         0  entry7b.o ABSOLUTE
    ../clib/microlib/init/entry.s            0x00000000   Number         0  entry.o ABSOLUTE
    ../clib/microlib/init/entry.s            0x00000000   Number         0  entry7a.o ABSOLUTE
    ../clib/microlib/init/entry.s            0x00000000   Number         0  entry11b.o ABSOLUTE
    ../clib/microlib/init/entry.s            0x00000000   Number         0  entry11a.o ABSOLUTE
    ../clib/microlib/init/entry.s            0x00000000   Number         0  entry10b.o ABSOLUTE
    ../clib/microlib/init/entry.s            0x00000000   Number         0  entry10a.o ABSOLUTE
    ../clib/microlib/init/entry.s            0x00000000   Number         0  entry9b.o ABSOLUTE
    ../clib/microlib/init/entry.s            0x00000000   Number         0  entry9a.o ABSOLUTE
    ../clib/microlib/init/entry.s            0x00000000   Number         0  entry8b.o ABSOLUTE
    ../clib/microlib/init/entry.s            0x00000000   Number         0  entry8a.o ABSOLUTE
    ../clib/microlib/longlong.c              0x00000000   Number         0  llsshr.o ABSOLUTE
    ../clib/microlib/longlong.c              0x00000000   Number         0  llushr.o ABSOLUTE
    ../clib/microlib/longlong.c              0x00000000   Number         0  llshl.o ABSOLUTE
    ../clib/microlib/printf/printf.c         0x00000000   Number         0  printf8.o ABSOLUTE
    ../clib/microlib/printf/printf.c         0x00000000   Number         0  printfa.o ABSOLUTE
    ../clib/microlib/printf/printf.c         0x00000000   Number         0  printf7.o ABSOLUTE
    ../clib/microlib/printf/printf.c         0x00000000   Number         0  printf6.o ABSOLUTE
    ../clib/microlib/printf/printf.c         0x00000000   Number         0  printf5.o ABSOLUTE
    ../clib/microlib/printf/printf.c         0x00000000   Number         0  printf4.o ABSOLUTE
    ../clib/microlib/printf/printf.c         0x00000000   Number         0  printf3.o ABSOLUTE
    ../clib/microlib/printf/printf.c         0x00000000   Number         0  printf2.o ABSOLUTE
    ../clib/microlib/printf/printf.c         0x00000000   Number         0  printf1.o ABSOLUTE
    ../clib/microlib/printf/printf.c         0x00000000   Number         0  printf0.o ABSOLUTE
    ../clib/microlib/printf/printf.c         0x00000000   Number         0  printfb.o ABSOLUTE
    ../clib/microlib/printf/stubs.s          0x00000000   Number         0  stubs.o ABSOLUTE
    ../clib/microlib/stdio/streams.c         0x00000000   Number         0  stdout.o ABSOLUTE
    ../clib/microlib/stubs.s                 0x00000000   Number         0  iusefp.o ABSOLUTE
    ../fplib/microlib/fpadd.c                0x00000000   Number         0  dadd.o ABSOLUTE
    ../fplib/microlib/fpdiv.c                0x00000000   Number         0  ddiv.o ABSOLUTE
    ../fplib/microlib/fpepilogue.c           0x00000000   Number         0  depilogue.o ABSOLUTE
    ../fplib/microlib/fpfix.c                0x00000000   Number         0  dfixul.o ABSOLUTE
    ../fplib/microlib/fpmul.c                0x00000000   Number         0  dmul.o ABSOLUTE
    APP\debug_usart.c                        0x00000000   Number         0  debug_usart.o ABSOLUTE
    APP\delay.c                              0x00000000   Number         0  delay.o ABSOLUTE
    APP\flexray.c                            0x00000000   Number         0  flexray.o ABSOLUTE
    APP\flexray_conf.c                       0x00000000   Number         0  flexray_conf.o ABSOLUTE
    APP\mfr4310.c                            0x00000000   Number         0  mfr4310.o ABSOLUTE
    ARM926EJ-S\startup_sm9b100.s             0x00000000   Number         0  startup_sm9b100.o ABSOLUTE
    ARM926EJ-S\system_sm9b100.c              0x00000000   Number         0  system_sm9b100.o ABSOLUTE
    FWlib\sm9b100_1553.c                     0x00000000   Number         0  sm9b100_1553.o ABSOLUTE
    FWlib\sm9b100_1553bc.c                   0x00000000   Number         0  sm9b100_1553bc.o ABSOLUTE
    FWlib\sm9b100_1553mt.c                   0x00000000   Number         0  sm9b100_1553mt.o ABSOLUTE
    FWlib\sm9b100_1553rt.c                   0x00000000   Number         0  sm9b100_1553rt.o ABSOLUTE
    FWlib\sm9b100_429.c                      0x00000000   Number         0  sm9b100_429.o ABSOLUTE
    FWlib\sm9b100_aes.c                      0x00000000   Number         0  sm9b100_aes.o ABSOLUTE
    FWlib\sm9b100_boot.c                     0x00000000   Number         0  sm9b100_boot.o ABSOLUTE
    FWlib\sm9b100_can.c                      0x00000000   Number         0  sm9b100_can.o ABSOLUTE
    FWlib\sm9b100_dma.c                      0x00000000   Number         0  sm9b100_dma.o ABSOLUTE
    FWlib\sm9b100_gpio.c                     0x00000000   Number         0  sm9b100_gpio.o ABSOLUTE
    FWlib\sm9b100_i2c.c                      0x00000000   Number         0  sm9b100_i2c.o ABSOLUTE
    FWlib\sm9b100_ictl.c                     0x00000000   Number         0  sm9b100_ictl.o ABSOLUTE
    FWlib\sm9b100_memctl.c                   0x00000000   Number         0  sm9b100_memctl.o ABSOLUTE
    FWlib\sm9b100_pwm.c                      0x00000000   Number         0  sm9b100_pwm.o ABSOLUTE
    FWlib\sm9b100_spi.c                      0x00000000   Number         0  sm9b100_spi.o ABSOLUTE
    FWlib\sm9b100_sysc.c                     0x00000000   Number         0  sm9b100_sysc.o ABSOLUTE
    FWlib\sm9b100_tim.c                      0x00000000   Number         0  sm9b100_tim.o ABSOLUTE
    FWlib\sm9b100_usart.c                    0x00000000   Number         0  sm9b100_usart.o ABSOLUTE
    FWlib\sm9b100_wdt.c                      0x00000000   Number         0  sm9b100_wdt.o ABSOLUTE
    Source\main.c                            0x00000000   Number         0  main.o ABSOLUTE
    Source\sm9b100_it.c                      0x00000000   Number         0  sm9b100_it.o ABSOLUTE
    cdrcmple.s                               0x00000000   Number         0  cdrcmple.o ABSOLUTE
    dc.s                                     0x00000000   Number         0  dc.o ABSOLUTE
    handlers.s                               0x00000000   Number         0  handlers.o ABSOLUTE
    init.s                                   0x00000000   Number         0  init.o ABSOLUTE
    Reset_Handler                            0x00000040   ARM Code       0  startup_sm9b100.o(RESET)
    Undef_Handler                            0x000000f4   ARM Code       0  startup_sm9b100.o(RESET)
    SWI_Handler                              0x00000100   ARM Code       0  startup_sm9b100.o(RESET)
    PAbt_Handler                             0x0000010c   ARM Code       0  startup_sm9b100.o(RESET)
    DAbt_Handler                             0x0000011c   ARM Code       0  startup_sm9b100.o(RESET)
    IRQ_Handler                              0x0000012c   ARM Code       0  startup_sm9b100.o(RESET)
    FIQ_Handler                              0x00000154   ARM Code       0  startup_sm9b100.o(RESET)
    .ARM.Collect$$$$00000000                 0x00000190   Section        0  entry.o(.ARM.Collect$$$$00000000)
    .ARM.Collect$$$$00000001                 0x00000190   Section        4  entry2.o(.ARM.Collect$$$$00000001)
    .ARM.Collect$$$$00000004                 0x00000194   Section        4  entry5.o(.ARM.Collect$$$$00000004)
    .ARM.Collect$$$$00000008                 0x00000198   Section        0  entry7b.o(.ARM.Collect$$$$00000008)
    .ARM.Collect$$$$0000000A                 0x00000198   Section        0  entry8b.o(.ARM.Collect$$$$0000000A)
    .ARM.Collect$$$$0000000B                 0x00000198   Section       12  entry9a.o(.ARM.Collect$$$$0000000B)
    .ARM.Collect$$$$0000000D                 0x000001a4   Section        0  entry10a.o(.ARM.Collect$$$$0000000D)
    .ARM.Collect$$$$0000000F                 0x000001a4   Section        0  entry11a.o(.ARM.Collect$$$$0000000F)
    .ARM.Collect$$$$00002712                 0x000001a4   Section        4  entry2.o(.ARM.Collect$$$$00002712)
    __lit__00000000                          0x000001a4   Data           4  entry2.o(.ARM.Collect$$$$00002712)
    .text                                    0x000001a8   Section        0  main.o(.text)
    .text                                    0x00000588   Section        0  sm9b100_it.o(.text)
    .text                                    0x000006b0   Section        0  sm9b100_gpio.o(.text)
    .text                                    0x00000b1c   Section        0  sm9b100_memctl.o(.text)
    .text                                    0x00001638   Section        0  sm9b100_sysc.o(.text)
    .text                                    0x00001dfc   Section        0  sm9b100_usart.o(.text)
    .text                                    0x000023b0   Section        0  system_sm9b100.o(.text)
    PLL_delay                                0x000023b0   ARM Code      24  system_sm9b100.o(.text)
    .text                                    0x00002498   Section        0  delay.o(.text)
    .text                                    0x000024ec   Section        0  debug_usart.o(.text)
    .text                                    0x00002578   Section        0  flexray.o(.text)
    .text                                    0x000057b8   Section        0  mfr4310.o(.text)
    .text                                    0x000059f8   Section        0  uidiv.o(.text)
    .text                                    0x00005a24   Section        0  idiv.o(.text)
    .text                                    0x00005a4c   Section        0  uldiv.o(.text)
    .text                                    0x00005aac   Section       32  init.o(.text)
    .text                                    0x00005acc   Section        0  llshl.o(.text)
    .text                                    0x00005aec   Section        0  llushr.o(.text)
    i.__0printf$5                            0x00005b10   Section        0  printf5.o(i.__0printf$5)
    i.__scatterload_copy                     0x00005b30   Section       28  handlers.o(i.__scatterload_copy)
    i.__scatterload_null                     0x00005b4c   Section        4  handlers.o(i.__scatterload_null)
    i.__scatterload_zeroinit                 0x00005b50   Section       24  handlers.o(i.__scatterload_zeroinit)
    i._printf_core                           0x00005b68   Section        0  printf5.o(i._printf_core)
    _printf_core                             0x00005b69   Thumb Code   688  printf5.o(i._printf_core)
    .constdata                               0x00005e44   Section      160  sm9b100_it.o(.constdata)
    .constdata                               0x00005ee4   Section       92  flexray_conf.o(.constdata)
    .data                                    0x00080000   Section        4  sm9b100_usart.o(.data)
    FIFO_reg                                 0x00080000   Data           4  sm9b100_usart.o(.data)
    .data                                    0x00080004   Section        8  flexray_conf.o(.data)
    .data                                    0x0008000c   Section        4  stdout.o(.data)
    STACK                                    0x00080010   Section    24576  startup_sm9b100.o(STACK)
    Stack_Bottom                             0x00080010   Data           0  startup_sm9b100.o(STACK)

    Global Symbols

    Symbol Name                              Value     Ov Type        Size  Object(Section)

    BuildAttributes$$THM_ISAv2$ARM_ISAv5$E$P$J$S$VFPv2$PE$FZ_POSZERO$A:L22$X:L11$S22$IEEE1$IW$USESV6$~STKCKD$USESV7$~SHL$OSPACE$ROPI$EBA8$MICROLIB$REQ8$PRES8$EABIv2 0x00000000   Number         0  anon$$obj.o ABSOLUTE
    ITCM_BASE                                0x00000000   Number         0  startup_sm9b100.o ABSOLUTE
    __ARM_use_no_argv                        0x00000000   Number         0  main.o ABSOLUTE
    _printf_a                                0x00000000   Number         0  stubs.o ABSOLUTE
    _printf_c                                0x00000000   Number         0  stubs.o ABSOLUTE
    _printf_charcount                        0x00000000   Number         0  stubs.o ABSOLUTE
    _printf_d                                0x00000000   Number         0  stubs.o ABSOLUTE
    _printf_e                                0x00000000   Number         0  stubs.o ABSOLUTE
    _printf_f                                0x00000000   Number         0  stubs.o ABSOLUTE
    _printf_flags                            0x00000000   Number         0  stubs.o ABSOLUTE
    _printf_fp_dec                           0x00000000   Number         0  stubs.o ABSOLUTE
    _printf_fp_hex                           0x00000000   Number         0  stubs.o ABSOLUTE
    _printf_g                                0x00000000   Number         0  stubs.o ABSOLUTE
    _printf_i                                0x00000000   Number         0  stubs.o ABSOLUTE
    _printf_int_dec                          0x00000000   Number         0  stubs.o ABSOLUTE
    _printf_l                                0x00000000   Number         0  stubs.o ABSOLUTE
    _printf_lc                               0x00000000   Number         0  stubs.o ABSOLUTE
    _printf_ll                               0x00000000   Number         0  stubs.o ABSOLUTE
    _printf_lld                              0x00000000   Number         0  stubs.o ABSOLUTE
    _printf_lli                              0x00000000   Number         0  stubs.o ABSOLUTE
    _printf_llo                              0x00000000   Number         0  stubs.o ABSOLUTE
    _printf_llu                              0x00000000   Number         0  stubs.o ABSOLUTE
    _printf_llx                              0x00000000   Number         0  stubs.o ABSOLUTE
    _printf_longlong_dec                     0x00000000   Number         0  stubs.o ABSOLUTE
    _printf_longlong_hex                     0x00000000   Number         0  stubs.o ABSOLUTE
    _printf_longlong_oct                     0x00000000   Number         0  stubs.o ABSOLUTE
    _printf_ls                               0x00000000   Number         0  stubs.o ABSOLUTE
    _printf_mbtowc                           0x00000000   Number         0  stubs.o ABSOLUTE
    _printf_n                                0x00000000   Number         0  stubs.o ABSOLUTE
    _printf_o                                0x00000000   Number         0  stubs.o ABSOLUTE
    _printf_p                                0x00000000   Number         0  stubs.o ABSOLUTE
    _printf_percent                          0x00000000   Number         0  stubs.o ABSOLUTE
    _printf_pre_padding                      0x00000000   Number         0  stubs.o ABSOLUTE
    _printf_return_value                     0x00000000   Number         0  stubs.o ABSOLUTE
    _printf_s                                0x00000000   Number         0  stubs.o ABSOLUTE
    _printf_sizespec                         0x00000000   Number         0  stubs.o ABSOLUTE
    _printf_str                              0x00000000   Number         0  stubs.o ABSOLUTE
    _printf_truncate_signed                  0x00000000   Number         0  stubs.o ABSOLUTE
    _printf_truncate_unsigned                0x00000000   Number         0  stubs.o ABSOLUTE
    _printf_u                                0x00000000   Number         0  stubs.o ABSOLUTE
    _printf_wc                               0x00000000   Number         0  stubs.o ABSOLUTE
    _printf_wctomb                           0x00000000   Number         0  stubs.o ABSOLUTE
    _printf_widthprec                        0x00000000   Number         0  stubs.o ABSOLUTE
    _printf_x                                0x00000000   Number         0  stubs.o ABSOLUTE
    BOOT_INT_Handler                          - Undefined Weak Reference
    BUS15531_INT_Handler                      - Undefined Weak Reference
    BUS15532_INT_Handler                      - Undefined Weak Reference
    BUS4290_INT_Handler                       - Undefined Weak Reference
    BUS4291_INT_Handler                       - Undefined Weak Reference
    BUS4292_INT_Handler                       - Undefined Weak Reference
    BUS4293_INT_Handler                       - Undefined Weak Reference
    CAN0_INT_Handler                          - Undefined Weak Reference
    CAN1_INT_Handler                          - Undefined Weak Reference
    DMAC_INT_Handler                          - Undefined Weak Reference
    EXTI0_INT_Handler                         - Undefined Weak Reference
    EXTI1_INT_Handler                         - Undefined Weak Reference
    EXTI2_INT_Handler                         - Undefined Weak Reference
    EXTI3_INT_Handler                         - Undefined Weak Reference
    EXTI4_INT_Handler                         - Undefined Weak Reference
    EXTI5_INT_Handler                         - Undefined Weak Reference
    EXTI6_INT_Handler                         - Undefined Weak Reference
    FC_INT_Handler                            - Undefined Weak Reference
    GPIO_INT_Handler                          - Undefined Weak Reference
    I2C_INT_Handler                           - Undefined Weak Reference
    PWMA_INT_Handler                          - Undefined Weak Reference
    PWMB_INT_Handler                          - Undefined Weak Reference
    RESERVED0_Handler                         - Undefined Weak Reference
    RESERVED1_Handler                         - Undefined Weak Reference
    RESERVED2_Handler                         - Undefined Weak Reference
    RESERVED3_Handler                         - Undefined Weak Reference
    RESERVED4_Handler                         - Undefined Weak Reference
    SPI0_INT_Handler                          - Undefined Weak Reference
    SPI1_INT_Handler                          - Undefined Weak Reference
    SPI_SLAVE_INT_Handler                     - Undefined Weak Reference
    TIMER_INT_Handler                         - Undefined Weak Reference
    UART0_INT_Handler                         - Undefined Weak Reference
    UART1_INT_Handler                         - Undefined Weak Reference
    UART2_INT_Handler                         - Undefined Weak Reference
    UART3_INT_Handler                         - Undefined Weak Reference
    UART4_INT_Handler                         - Undefined Weak Reference
    UART5_INT_Handler                         - Undefined Weak Reference
    UART6_INT_Handler                         - Undefined Weak Reference
    UART7_INT_Handler                         - Undefined Weak Reference
    WDT_INT_Handler                           - Undefined Weak Reference
    __cpp_initialize__aeabi_                  - Undefined Weak Reference
    __cxa_finalize                            - Undefined Weak Reference
    __decompress                              - Undefined Weak Reference
    _clock_init                               - Undefined Weak Reference
    _microlib_exit                            - Undefined Weak Reference
    __main                                   0x00000190   ARM Code       0  entry.o(.ARM.Collect$$$$00000000)
    _main_stk                                0x00000190   ARM Code       0  entry2.o(.ARM.Collect$$$$00000001)
    _main_scatterload                        0x00000194   ARM Code       0  entry5.o(.ARM.Collect$$$$00000004)
    __main_after_scatterload                 0x00000198   ARM Code       0  entry5.o(.ARM.Collect$$$$00000004)
    _main_clock                              0x00000198   ARM Code       0  entry7b.o(.ARM.Collect$$$$00000008)
    _main_cpp_init                           0x00000198   ARM Code       0  entry8b.o(.ARM.Collect$$$$0000000A)
    _main_init                               0x00000198   ARM Code       0  entry9a.o(.ARM.Collect$$$$0000000B)
    __rt_final_cpp                           0x000001a4   ARM Code       0  entry10a.o(.ARM.Collect$$$$0000000D)
    __rt_final_exit                          0x000001a4   ARM Code       0  entry11a.o(.ARM.Collect$$$$0000000F)
    main                                     0x000001a8   ARM Code     992  main.o(.text)
    Undef_Handler_c                          0x00000588   ARM Code       8  sm9b100_it.o(.text)
    SWI_Handler_c                            0x00000590   ARM Code       8  sm9b100_it.o(.text)
    PAbt_Handler_c                           0x00000598   ARM Code       8  sm9b100_it.o(.text)
    DAbt_Handler_c                           0x000005a0   ARM Code       8  sm9b100_it.o(.text)
    IRQ_Handler_c                            0x000005a8   ARM Code     128  sm9b100_it.o(.text)
    FIQ_Handler_c                            0x00000628   ARM Code     128  sm9b100_it.o(.text)
    GPIO_DeInit                              0x000006b0   ARM Code      32  sm9b100_gpio.o(.text)
    GPIO_Init                                0x000006d0   ARM Code     116  sm9b100_gpio.o(.text)
    GPIO_StructInit                          0x00000744   ARM Code      20  sm9b100_gpio.o(.text)
    GPIO_ReadInputDataBit                    0x00000758   ARM Code     164  sm9b100_gpio.o(.text)
    GPIO_ReadInputData                       0x000007fc   ARM Code     120  sm9b100_gpio.o(.text)
    GPIO_ReadOutputDataBit                   0x00000874   ARM Code      36  sm9b100_gpio.o(.text)
    GPIO_ReadOutputData                      0x00000898   ARM Code      12  sm9b100_gpio.o(.text)
    GPIO_SetBits                             0x000008a4   ARM Code      16  sm9b100_gpio.o(.text)
    GPIO_ResetBits                           0x000008b4   ARM Code      16  sm9b100_gpio.o(.text)
    GPIO_WriteBit                            0x000008c4   ARM Code      40  sm9b100_gpio.o(.text)
    GPIO_Write                               0x000008ec   ARM Code       8  sm9b100_gpio.o(.text)
    GPIOA_ConfigIT                           0x000008f4   ARM Code      56  sm9b100_gpio.o(.text)
    GPIOA_ITMask                             0x0000092c   ARM Code      56  sm9b100_gpio.o(.text)
    GPIOA_ConfigITPolarity                   0x00000964   ARM Code     172  sm9b100_gpio.o(.text)
    GPIOA_GetITStatus                        0x00000a10   ARM Code      12  sm9b100_gpio.o(.text)
    GPIOA_GetITBitStatus                     0x00000a1c   ARM Code      36  sm9b100_gpio.o(.text)
    GPIOA_GetRawITStatus                     0x00000a40   ARM Code      12  sm9b100_gpio.o(.text)
    GPIOA_GetRawITBitStatus                  0x00000a4c   ARM Code      36  sm9b100_gpio.o(.text)
    GPIOA_ITDebounce                         0x00000a70   ARM Code      56  sm9b100_gpio.o(.text)
    GPIOA_ClearITBitPending                  0x00000aa8   ARM Code      56  sm9b100_gpio.o(.text)
    GPIOA_ITSync                             0x00000ae0   ARM Code      56  sm9b100_gpio.o(.text)
    MEMCTL_CS0NorFlashInit                   0x00000b1c   ARM Code     444  sm9b100_memctl.o(.text)
    MEMCTL_CS1SRAMInit                       0x00000cd8   ARM Code     400  sm9b100_memctl.o(.text)
    MEMCTL_CS2SRAMInit                       0x00000e68   ARM Code     400  sm9b100_memctl.o(.text)
    MEMCTL_CS3SRAMInit                       0x00000ff8   ARM Code     400  sm9b100_memctl.o(.text)
    MEMCTL_CS4SRAMInit                       0x00001188   ARM Code     400  sm9b100_memctl.o(.text)
    MEMCTL_CS5SRAMInit                       0x00001318   ARM Code     400  sm9b100_memctl.o(.text)
    MEMCTL_CS6SRAMInit                       0x000014a8   ARM Code     400  sm9b100_memctl.o(.text)
    SYSC_AHBPeriphClockCmd                   0x00001638   ARM Code      72  sm9b100_sysc.o(.text)
    SYSC_AHBPeriphResetCmd                   0x00001680   ARM Code      64  sm9b100_sysc.o(.text)
    SYSC_APBPeriphClockCmd                   0x000016c0   ARM Code      72  sm9b100_sysc.o(.text)
    SYSC_APBPeriphResetCmd                   0x00001708   ARM Code      72  sm9b100_sysc.o(.text)
    SYSC_DeInit                              0x00001750   ARM Code      56  sm9b100_sysc.o(.text)
    SYSC_15531PeriphClockCmd                 0x00001788   ARM Code      56  sm9b100_sysc.o(.text)
    SYSC_15531PeriphResetCmd                 0x000017c0   ARM Code      56  sm9b100_sysc.o(.text)
    SYSC_15532PeriphClockCmd                 0x000017f8   ARM Code      56  sm9b100_sysc.o(.text)
    SYSC_15532PeriphResetCmd                 0x00001830   ARM Code      56  sm9b100_sysc.o(.text)
    SYSC_GetClocksFreq                       0x00001868   ARM Code     184  sm9b100_sysc.o(.text)
    SYSC_EXTI2_6Cmd                          0x00001920   ARM Code      56  sm9b100_sysc.o(.text)
    SYSC_TimerDivConfig                      0x00001958   ARM Code     232  sm9b100_sysc.o(.text)
    SYSC_GetTimerDiv                         0x00001a40   ARM Code     176  sm9b100_sysc.o(.text)
    SYSC_TimerCmd                            0x00001af0   ARM Code     296  sm9b100_sysc.o(.text)
    SYSC_15531Cmd                            0x00001c18   ARM Code     112  sm9b100_sysc.o(.text)
    SYSC_PADCTRLSetBits                      0x00001c88   ARM Code      32  sm9b100_sysc.o(.text)
    SYSC_PADCTRLResetBits                    0x00001ca8   ARM Code      32  sm9b100_sysc.o(.text)
    SYSC_EXTCLK_SEL                          0x00001cc8   ARM Code      72  sm9b100_sysc.o(.text)
    SYSC_SPI0Switch                          0x00001d10   ARM Code      56  sm9b100_sysc.o(.text)
    SYSC_UARTCmd                             0x00001d48   ARM Code      56  sm9b100_sysc.o(.text)
    SYSC_Set1553BCLK                         0x00001d80   ARM Code       4  sm9b100_sysc.o(.text)
    SYSC_MCLKCmd                             0x00001d84   ARM Code      56  sm9b100_sysc.o(.text)
    SYSC_SetGPIODescriptionCLKDIV            0x00001dbc   ARM Code      16  sm9b100_sysc.o(.text)
    SYSC_GetGPIODescriptionCLKDIV            0x00001dcc   ARM Code      16  sm9b100_sysc.o(.text)
    USART_DeInit                             0x00001dfc   ARM Code     260  sm9b100_usart.o(.text)
    USART_Init                               0x00001f00   ARM Code     360  sm9b100_usart.o(.text)
    USART_StructInit                         0x00002068   ARM Code      32  sm9b100_usart.o(.text)
    USART_SendData                           0x00002088   ARM Code       8  sm9b100_usart.o(.text)
    USART_ReceiveData                        0x00002090   ARM Code      16  sm9b100_usart.o(.text)
    USART_ITConfig                           0x000020a0   ARM Code      48  sm9b100_usart.o(.text)
    USART_GetITStatus                        0x000020d0   ARM Code      16  sm9b100_usart.o(.text)
    USART_GetITBitStatus                     0x000020e0   ARM Code      40  sm9b100_usart.o(.text)
    USART_ClearITBitPending                  0x00002108   ARM Code     152  sm9b100_usart.o(.text)
    USART_SetITRxFIFOTriggerNum              0x000021a0   ARM Code      64  sm9b100_usart.o(.text)
    USART_SetITTxFIFOTriggerNum              0x000021e0   ARM Code      64  sm9b100_usart.o(.text)
    USART_FIFOCmd                            0x00002220   ARM Code      92  sm9b100_usart.o(.text)
    USART_GetLSRStatus                       0x0000227c   ARM Code      16  sm9b100_usart.o(.text)
    USART_GetMSRStatus                       0x0000228c   ARM Code      16  sm9b100_usart.o(.text)
    USART_GetFIFOFlagStatus                  0x0000229c   ARM Code      36  sm9b100_usart.o(.text)
    USART_GetFIFOStatus                      0x000022c0   ARM Code      16  sm9b100_usart.o(.text)
    USART_GetSendFIFO                        0x000022d0   ARM Code      20  sm9b100_usart.o(.text)
    USART_GetReceiveFIFO                     0x000022e4   ARM Code      20  sm9b100_usart.o(.text)
    USART_DMACmd                             0x000022f8   ARM Code      84  sm9b100_usart.o(.text)
    USART_DMAACK                             0x0000234c   ARM Code      48  sm9b100_usart.o(.text)
    USART_SetFIFOAccess                      0x0000237c   ARM Code      40  sm9b100_usart.o(.text)
    SystemInit                               0x000023c8   ARM Code     192  system_sm9b100.o(.text)
    delay_us                                 0x00002498   ARM Code      48  delay.o(.text)
    delay_ms                                 0x000024c8   ARM Code      36  delay.o(.text)
    USART6_Init                              0x000024ec   ARM Code      76  debug_usart.o(.text)
    fputc                                    0x00002538   ARM Code      56  debug_usart.o(.text)
    Flexray_CRC11                            0x00002578   ARM Code     156  flexray.o(.text)
    Flexray_GetProtocolState                 0x00002614   ARM Code      16  flexray.o(.text)
    Flexray_ProtocolCommand                  0x00002624   ARM Code     164  flexray.o(.text)
    Flexray_ProtocolInit                     0x000026c8   ARM Code    1656  flexray.o(.text)
    Flexray_ReceiveShadowBufferInit          0x00002d40   ARM Code    1080  flexray.o(.text)
    Flexray_Init                             0x00003178   ARM Code     184  flexray.o(.text)
    Flexray_GetModuleVersion                 0x00003230   ARM Code      12  flexray.o(.text)
    Flexray_GlobalIT                         0x0000323c   ARM Code      48  flexray.o(.text)
    Flexray_GetGlobalITStatus                0x0000326c   ARM Code      20  flexray.o(.text)
    Flexray_GetGlobalITBitStatus             0x00003280   ARM Code      40  flexray.o(.text)
    Flexray_ClearGlobalIT                    0x000032a8   ARM Code      28  flexray.o(.text)
    Flexray_ProtocolIT                       0x000032c4   ARM Code      68  flexray.o(.text)
    Flexray_GetProtocolITStatus              0x00003308   ARM Code      28  flexray.o(.text)
    Flexray_GetProtocolITBitStatus           0x00003324   ARM Code      52  flexray.o(.text)
    Flexray_ClearProtocolIT                  0x00003358   ARM Code      24  flexray.o(.text)
    Flexray_GetCHIErrorFlag                  0x00003370   ARM Code      12  flexray.o(.text)
    Flexray_GetCHIErrorBitFlag               0x0000337c   ARM Code      32  flexray.o(.text)
    Flexray_ClearCHIError                    0x0000339c   ARM Code       8  flexray.o(.text)
    Flexray_GetTransmitBufferInterruptVector 0x000033a4   ARM Code      16  flexray.o(.text)
    Flexray_GetReceiveBufferInterruptVector  0x000033b4   ARM Code      80  flexray.o(.text)
    Flexray_GetChannelAStatusErrorCounter    0x00003404   ARM Code      12  flexray.o(.text)
    Flexray_GetChannelBStatusErrorCounter    0x00003410   ARM Code      12  flexray.o(.text)
    Flexray_GetProtocolStatus0               0x0000341c   ARM Code      12  flexray.o(.text)
    Flexray_GetStartupState                  0x00003428   ARM Code      16  flexray.o(.text)
    Flexray_GetWakeupStatus                  0x00003438   ARM Code      16  flexray.o(.text)
    Flexray_GetProtocolStatus1               0x00003448   ARM Code      12  flexray.o(.text)
    Flexray_GetProtocolStatus2               0x00003454   ARM Code      12  flexray.o(.text)
    Flexray_GetProtocolStatus3               0x00003460   ARM Code      12  flexray.o(.text)
    Flexray_ClearProtocolStatus              0x0000346c   ARM Code      44  flexray.o(.text)
    Flexray_GetMacrotickCounter              0x00003498   ARM Code      12  flexray.o(.text)
    Flexray_GetCycleCounter                  0x000034a4   ARM Code      12  flexray.o(.text)
    Flexray_GetSlotCounterChannelA           0x000034b0   ARM Code      12  flexray.o(.text)
    Flexray_GetSlotCounterChannelB           0x000034bc   ARM Code      12  flexray.o(.text)
    Flexray_GetRateCorrectionValue           0x000034c8   ARM Code      12  flexray.o(.text)
    Flexray_GetOffsetCorrectionValue         0x000034d4   ARM Code      12  flexray.o(.text)
    Flexray_GetCombinedInterruptFlag         0x000034e0   ARM Code      12  flexray.o(.text)
    Flexray_GetCombinedInterruptBitFlag      0x000034ec   ARM Code      36  flexray.o(.text)
    Flexray_GetSyncFrameCounterEvenCycleChannelB 0x00003510   ARM Code      20  flexray.o(.text)
    Flexray_GetSyncFrameCounterEvenCycleChannelA 0x00003524   ARM Code      20  flexray.o(.text)
    Flexray_GetSyncFrameCounterOddCycleChannelB 0x00003538   ARM Code      20  flexray.o(.text)
    Flexray_GetSyncFrameCounterOddCycleChannelA 0x0000354c   ARM Code      16  flexray.o(.text)
    Flexray_SetSyncFrameTableOffset          0x0000355c   ARM Code       8  flexray.o(.text)
    Flexray_GetSyncFrameTableOffset          0x00003564   ARM Code      12  flexray.o(.text)
    Flexray_SetSyncFrameConfig               0x00003570   ARM Code       8  flexray.o(.text)
    Flexray_GetSyncFrameConfig               0x00003578   ARM Code      12  flexray.o(.text)
    Flexray_ReadSyncFrameTable               0x00003584   ARM Code     232  flexray.o(.text)
    Flexray_SetSyncFrameIDRejectionFilter    0x0000366c   ARM Code       8  flexray.o(.text)
    Flexray_GetSyncFrameIDRejectionFilter    0x00003674   ARM Code      12  flexray.o(.text)
    Flexray_SetSyncFrameIDAcceptanceFilter   0x00003680   ARM Code       8  flexray.o(.text)
    Flexray_GetSyncFrameIDAcceptanceFilter   0x00003688   ARM Code      12  flexray.o(.text)
    Flexray_SetSyncFrameIDAcceptanceFilterMask 0x00003694   ARM Code       8  flexray.o(.text)
    Flexray_GetSyncFrameIDAcceptanceFilterMask 0x0000369c   ARM Code      12  flexray.o(.text)
    Flexray_GetNetworkManagementVector0      0x000036a8   ARM Code      16  flexray.o(.text)
    Flexray_GetNetworkManagementVector1      0x000036b8   ARM Code      16  flexray.o(.text)
    Flexray_GetNetworkManagementVector2      0x000036c8   ARM Code      16  flexray.o(.text)
    Flexray_GetNetworkManagementVector3      0x000036d8   ARM Code      16  flexray.o(.text)
    Flexray_GetNetworkManagementVector4      0x000036e8   ARM Code      16  flexray.o(.text)
    Flexray_GetNetworkManagementVector5      0x000036f8   ARM Code      16  flexray.o(.text)
    Flexray_GetNetworkManagementVector6      0x00003708   ARM Code      16  flexray.o(.text)
    Flexray_GetNetworkManagementVector7      0x00003718   ARM Code      16  flexray.o(.text)
    Flexray_GetNetworkManagementVector8      0x00003728   ARM Code      16  flexray.o(.text)
    Flexray_GetNetworkManagementVector9      0x00003738   ARM Code      16  flexray.o(.text)
    Flexray_GetNetworkManagementVector10     0x00003748   ARM Code      16  flexray.o(.text)
    Flexray_GetNetworkManagementVector11     0x00003758   ARM Code      16  flexray.o(.text)
    Flexray_SetNetworkManagementVectorLength 0x00003768   ARM Code       8  flexray.o(.text)
    Flexray_GetNetworkManagementVectorLength 0x00003770   ARM Code      12  flexray.o(.text)
    Flexray_TimerAbsoluteInit                0x0000377c   ARM Code     168  flexray.o(.text)
    Flexray_TimerRelativeInit                0x00003824   ARM Code      64  flexray.o(.text)
    Flexray_TimerCommand                     0x00003864   ARM Code      52  flexray.o(.text)
    Flexray_GetTimerStatus                   0x00003898   ARM Code      68  flexray.o(.text)
    Flexray_SetSlotStatusSelection           0x000038dc   ARM Code      16  flexray.o(.text)
    Flexray_SetSlotStatusSlotNumber          0x000038ec   ARM Code      24  flexray.o(.text)
    Flexray_GetSlotStatusSlotNumber          0x00003904   ARM Code      36  flexray.o(.text)
    Flexray_SetSlotStatusCounterConditionSelector 0x00003928   ARM Code      16  flexray.o(.text)
    Flexray_SetSlotStatusCounterCondition    0x00003938   ARM Code      24  flexray.o(.text)
    Flexray_GetSlotStatusCounterCondition    0x00003950   ARM Code      36  flexray.o(.text)
    Flexray_GetSlotStatus0                   0x00003974   ARM Code      12  flexray.o(.text)
    Flexray_GetSlotStatus1                   0x00003980   ARM Code      12  flexray.o(.text)
    Flexray_GetSlotStatus2                   0x0000398c   ARM Code      12  flexray.o(.text)
    Flexray_GetSlotStatus3                   0x00003998   ARM Code      12  flexray.o(.text)
    Flexray_GetSlotStatus4                   0x000039a4   ARM Code      12  flexray.o(.text)
    Flexray_GetSlotStatus5                   0x000039b0   ARM Code      12  flexray.o(.text)
    Flexray_GetSlotStatus6                   0x000039bc   ARM Code      12  flexray.o(.text)
    Flexray_GetSlotStatus7                   0x000039c8   ARM Code      12  flexray.o(.text)
    Flexray_GetSlotStatusCounter0            0x000039d4   ARM Code      12  flexray.o(.text)
    Flexray_GetSlotStatusCounter1            0x000039e0   ARM Code      12  flexray.o(.text)
    Flexray_GetSlotStatusCounter2            0x000039ec   ARM Code      12  flexray.o(.text)
    Flexray_GetSlotStatusCounter3            0x000039f8   ARM Code      12  flexray.o(.text)
    Flexray_SetMediaAccessTestSymbol         0x00003a04   ARM Code      92  flexray.o(.text)
    Flexray_MediaAccessTestSymbolCmd         0x00003a60   ARM Code      88  flexray.o(.text)
    Flexray_TransmitSingleBufferInit         0x00003ab8   ARM Code    1016  flexray.o(.text)
    Flexray_TransmitSingleBufferData         0x00003eb0   ARM Code     328  flexray.o(.text)
    Flexray_TransmitSingleBufferStatus       0x00003ff8   ARM Code      80  flexray.o(.text)
    Flexray_TransmitDoubleBufferInit         0x00004048   ARM Code    1920  flexray.o(.text)
    Flexray_TransmitDoubleBufferData         0x000047c8   ARM Code     328  flexray.o(.text)
    Flexray_TransmitDoubleBufferStatus       0x00004910   ARM Code     164  flexray.o(.text)
    Flexray_ReceiveSingleBufferInit          0x000049b4   ARM Code     656  flexray.o(.text)
    Flexray_ReceiveSingleBufferData          0x00004c44   ARM Code     452  flexray.o(.text)
    Flexray_ReceiveSingleBufferStatus        0x00004e08   ARM Code     124  flexray.o(.text)
    Flexray_ReceiveFIFOInit                  0x00004e84   ARM Code    2008  flexray.o(.text)
    Flexray_ReceiveFIFOData                  0x0000565c   ARM Code     224  flexray.o(.text)
    Flexray_GetReceiveFIFOAReadIndex         0x0000573c   ARM Code      12  flexray.o(.text)
    Flexray_GetReceiveFIFOBReadIndex         0x00005748   ARM Code      12  flexray.o(.text)
    Flexray_GetLastDynamicTransmissionSlotChannelA 0x00005754   ARM Code      12  flexray.o(.text)
    Flexray_GetLastDynamicTransmissionSlotChannelB 0x00005760   ARM Code      12  flexray.o(.text)
    Flexray_GetMessageBufferHerder           0x0000576c   ARM Code      76  flexray.o(.text)
    MFR4310_Init                             0x000057b8   ARM Code     424  mfr4310.o(.text)
    MFR4310_ClearMemory                      0x00005960   ARM Code      56  mfr4310.o(.text)
    MFR4310_ClearMessageBuffers              0x00005998   ARM Code      92  mfr4310.o(.text)
    __aeabi_uidiv                            0x000059f9   Thumb Code     0  uidiv.o(.text)
    __aeabi_uidivmod                         0x000059f9   Thumb Code    44  uidiv.o(.text)
    __aeabi_idiv                             0x00005a25   Thumb Code     0  idiv.o(.text)
    __aeabi_idivmod                          0x00005a25   Thumb Code    40  idiv.o(.text)
    __aeabi_uldivmod                         0x00005a4d   Thumb Code    96  uldiv.o(.text)
    __scatterload                            0x00005aad   Thumb Code    22  init.o(.text)
    __scatterload_rt2                        0x00005aad   Thumb Code     0  init.o(.text)
    __aeabi_llsl                             0x00005acd   Thumb Code    32  llshl.o(.text)
    _ll_shift_l                              0x00005acd   Thumb Code     0  llshl.o(.text)
    __aeabi_llsr                             0x00005aed   Thumb Code    34  llushr.o(.text)
    _ll_ushift_r                             0x00005aed   Thumb Code     0  llushr.o(.text)
    __0printf$5                              0x00005b11   Thumb Code    24  printf5.o(i.__0printf$5)
    __1printf$5                              0x00005b11   Thumb Code     0  printf5.o(i.__0printf$5)
    __2printf                                0x00005b11   Thumb Code     0  printf5.o(i.__0printf$5)
    __scatterload_copy                       0x00005b30   ARM Code      28  handlers.o(i.__scatterload_copy)
    __scatterload_null                       0x00005b4c   ARM Code       4  handlers.o(i.__scatterload_null)
    __scatterload_zeroinit                   0x00005b50   ARM Code      24  handlers.o(i.__scatterload_zeroinit)
    Vector_Tab                               0x00005e44   Data         160  sm9b100_it.o(.constdata)
    HardWareConfig                           0x00005ee4   Data          12  flexray_conf.o(.constdata)
    ProtocolConfig                           0x00005ef0   Data          80  flexray_conf.o(.constdata)
    Region$$Table$$Base                      0x00005f40   Number         0  anon$$obj.o(Region$$Table)
    Region$$Table$$Limit                     0x00005f60   Number         0  anon$$obj.o(Region$$Table)
    DTCM_BASE                                0x00080000   Number         0  startup_sm9b100.o ABSOLUTE
    FLEXRAY_0_MessageHerderIndex             0x00080004   Data           2  flexray_conf.o(.data)
    FLEXRAY_1_MessageHerderIndex             0x00080006   Data           2  flexray_conf.o(.data)
    FLEXRAY_0_MessageDataIndex               0x00080008   Data           2  flexray_conf.o(.data)
    FLEXRAY_1_MessageDataIndex               0x0008000a   Data           2  flexray_conf.o(.data)
    __stdout                                 0x0008000c   Data           4  stdout.o(.data)
    __initial_sp                             0x00086010   Data           0  startup_sm9b100.o(STACK)
    SRAM_BASE                                0x60000000   Number         0  startup_sm9b100.o ABSOLUTE



==============================================================================

Memory Map of the image

  Image Entry point : 0x00000190

  Load Region LR_IROM1 (Base: 0x00000000, Size: 0x00005f70, Max: 0x00080000, ABSOLUTE)

    Execution Region ER_IROM1 (Base: 0x00000000, Size: 0x00005f60, Max: 0x00080000, ABSOLUTE)

    Base Addr    Size         Type   Attr      Idx    E Section Name        Object

    0x00000000   0x00000190   Code   RO            3    RESET               startup_sm9b100.o
    0x00000190   0x00000000   Code   RO          464  * .ARM.Collect$$$$00000000  mc_5.l(entry.o)
    0x00000190   0x00000004   Code   RO          732    .ARM.Collect$$$$00000001  mc_5.l(entry2.o)
    0x00000194   0x00000004   Code   RO          734    .ARM.Collect$$$$00000004  mc_5.l(entry5.o)
    0x00000198   0x00000000   Code   RO          736    .ARM.Collect$$$$00000008  mc_5.l(entry7b.o)
    0x00000198   0x00000000   Code   RO          738    .ARM.Collect$$$$0000000A  mc_5.l(entry8b.o)
    0x00000198   0x0000000c   Code   RO          739    .ARM.Collect$$$$0000000B  mc_5.l(entry9a.o)
    0x000001a4   0x00000000   Code   RO          741    .ARM.Collect$$$$0000000D  mc_5.l(entry10a.o)
    0x000001a4   0x00000000   Code   RO          743    .ARM.Collect$$$$0000000F  mc_5.l(entry11a.o)
    0x000001a4   0x00000004   Code   RO          733    .ARM.Collect$$$$00002712  mc_5.l(entry2.o)
    0x000001a8   0x000003e0   Code   RO            8    .text               main.o
    0x00000588   0x00000128   Code   RO           56    .text               sm9b100_it.o
    0x000006b0   0x0000046c   Code   RO          187    .text               sm9b100_gpio.o
    0x00000b1c   0x00000b1c   Code   RO          232    .text               sm9b100_memctl.o
    0x00001638   0x000007c4   Code   RO          262    .text               sm9b100_sysc.o
    0x00001dfc   0x000005b4   Code   RO          289    .text               sm9b100_usart.o
    0x000023b0   0x000000e8   Code   RO          366    .text               system_sm9b100.o
    0x00002498   0x00000054   Code   RO          384    .text               delay.o
    0x000024ec   0x0000008c   Code   RO          399    .text               debug_usart.o
    0x00002578   0x00003240   Code   RO          414    .text               flexray.o
    0x000057b8   0x00000240   Code   RO          446    .text               mfr4310.o
    0x000059f8   0x0000002c   Code   RO          467    .text               mc_5.l(uidiv.o)
    0x00005a24   0x00000028   Code   RO          469    .text               mc_5.l(idiv.o)
    0x00005a4c   0x00000060   Code   RO          746    .text               mc_5.l(uldiv.o)
    0x00005aac   0x00000020   Code   RO          759    .text               mc_5.l(init.o)
    0x00005acc   0x00000020   Code   RO          761    .text               mc_5.l(llshl.o)
    0x00005aec   0x00000022   Code   RO          763    .text               mc_5.l(llushr.o)
    0x00005b0e   0x00000002   PAD
    0x00005b10   0x00000020   Code   RO          604    i.__0printf$5       mc_5.l(printf5.o)
    0x00005b30   0x0000001c   Code   RO          773    i.__scatterload_copy  mc_5.l(handlers.o)
    0x00005b4c   0x00000004   Code   RO          774    i.__scatterload_null  mc_5.l(handlers.o)
    0x00005b50   0x00000018   Code   RO          775    i.__scatterload_zeroinit  mc_5.l(handlers.o)
    0x00005b68   0x000002dc   Code   RO          611    i._printf_core      mc_5.l(printf5.o)
    0x00005e44   0x000000a0   Data   RO           57    .constdata          sm9b100_it.o
    0x00005ee4   0x0000005c   Data   RO          436    .constdata          flexray_conf.o
    0x00005f40   0x00000020   Data   RO          771    Region$$Table       anon$$obj.o


    Execution Region RW_IRAM1 (Base: 0x00080000, Size: 0x00006010, Max: 0x00020000, ABSOLUTE)

    Base Addr    Size         Type   Attr      Idx    E Section Name        Object

    0x00080000   0x00000004   Data   RW          290    .data               sm9b100_usart.o
    0x00080004   0x00000008   Data   RW          437    .data               flexray_conf.o
    0x0008000c   0x00000004   Data   RW          745    .data               mc_5.l(stdout.o)
    0x00080010   0x00006000   Zero   RW            1    STACK               startup_sm9b100.o


==============================================================================

Image component sizes


      Code (inc. data)   RO Data    RW Data    ZI Data      Debug   Object Name

       140          8          0          0          0        880   debug_usart.o
        84          0          0          0          0        912   delay.o
     12864         88          0          0          0      52700   flexray.o
         0          0         92          8          0       1148   flexray_conf.o
       992        132          0          0          0      38959   main.o
       576          4          0          0          0       7963   mfr4310.o
         0          0          0          0          0      19172   sm9b100_429.o
      1132          4          0          0          0       7562   sm9b100_gpio.o
       296          8        160          0          0       2303   sm9b100_it.o
      2844          0          0          0          0       7439   sm9b100_memctl.o
      1988         32          0          0          0       5867   sm9b100_sysc.o
      1460         12          0          4          0       8499   sm9b100_usart.o
       400         52          0          0      24576        476   startup_sm9b100.o
       232         16          0          0          0        865   system_sm9b100.o

    ----------------------------------------------------------------------
     23008        356        284         12      24576     154745   Object Totals
         0          0         32          0          0          0   (incl. Generated)
         0          0          0          0          0          0   (incl. Padding)

    ----------------------------------------------------------------------

      Code (inc. data)   RO Data    RW Data    ZI Data      Debug   Library Member Name

         0          0          0          0          0          0   entry.o
         0          0          0          0          0          0   entry10a.o
         0          0          0          0          0          0   entry11a.o
         8          4          0          0          0          0   entry2.o
         4          0          0          0          0          0   entry5.o
         0          0          0          0          0          0   entry7b.o
         0          0          0          0          0          0   entry8b.o
        12          4          0          0          0          0   entry9a.o
        56          0          0          0          0          0   handlers.o
        40          0          0          0          0         72   idiv.o
        32         10          0          0          0         68   init.o
        32          0          0          0          0         68   llshl.o
        34          0          0          0          0         68   llushr.o
       764         52          0          0          0        168   printf5.o
         0          0          0          4          0          0   stdout.o
        44          0          0          0          0         72   uidiv.o
        96          0          0          0          0         84   uldiv.o

    ----------------------------------------------------------------------
      1124         70          0          4          0        600   Library Totals
         2          0          0          0          0          0   (incl. Padding)

    ----------------------------------------------------------------------

      Code (inc. data)   RO Data    RW Data    ZI Data      Debug   Library Name

      1122         70          0          4          0        600   mc_5.l

    ----------------------------------------------------------------------
      1124         70          0          4          0        600   Library Totals

    ----------------------------------------------------------------------

==============================================================================


      Code (inc. data)   RO Data    RW Data    ZI Data      Debug   

     24132        426        284         16      24576     153025   Grand Totals
     24132        426        284         16      24576     153025   ELF Image Totals
     24132        426        284         16          0          0   ROM Totals

==============================================================================

    Total RO  Size (Code + RO Data)                24416 (  23.84kB)
    Total RW  Size (RW Data + ZI Data)             24592 (  24.02kB)
    Total ROM Size (Code + RO Data + RW Data)      24432 (  23.86kB)

==============================================================================

